{"tenant_name":"Ana GÃ³mez","landlord_name":"Pedro Ruiz","rent_month":"2025-09","amount":1200,"address":"Calle Mayor 1, Madrid","nif":"B12345678","iban":"ES2321000418450200051332"}
