// Jest Snapshot v1, https://goo.gl/fbAQLP

exports[`Extractor schema snapshots invalid payload produces the same normalized Ajv errors (snapshot) 1`] = `
[
  {
    "instancePath": "",
    "keyword": "required",
    "message": "must have required property 'ok'",
    "params": {
      "missingProperty": "ok",
    },
    "schemaPath": "#/required",
  },
]
`;
